// Jest Snapshot v1, https://goo.gl/fbAQLP

exports[`Header.vue renders correctly 1`] = `
<div>
  <b-navbar-stub
    tag="nav"
    toggleable="lg"
    type="dark"
    variant="dark"
  >
    <router-link-stub
      ariacurrentvalue="page"
      class="navbar-brand"
      event="click"
      tag="a"
      to="/"
    >
      TV Shows
    </router-link-stub>
     
    <b-navbar-toggle-stub
      label="Toggle navigation"
      target="nav-collapse"
    />
     
    <b-collapse-stub
      id="nav-collapse"
      isnav="true"
      tag="div"
    >
      <b-navbar-nav-stub
        tag="ul"
      >
        <router-link-stub
          ariacurrentvalue="page"
          class="nav-link"
          event="click"
          tag="a"
          to="/"
        >
          Home
        </router-link-stub>
      </b-navbar-nav-stub>
       
      <b-navbar-nav-stub
        class="ml-auto"
        tag="ul"
      >
        <b-nav-form-stub>
          <b-form-input-stub
            class="mr-sm-2"
            debounce="0"
            placeholder="Search"
            size="sm"
            type="search"
            value=""
          />
           
          <b-button-stub
            class="my-2 my-sm-0"
            size="sm"
            tag="button"
            target="_self"
            type="submit"
            variant="secondary"
          >
            Go
          </b-button-stub>
        </b-nav-form-stub>
      </b-navbar-nav-stub>
    </b-collapse-stub>
  </b-navbar-stub>
</div>
`;
